#
# A fatal error has been detected by the Java Runtime Environment:
#
#  Internal Error (method.cpp:1857), pid=4036, tid=368
#  fatal error: no original bytecode found in utilidades.GestorConexiones.ejecutarSentenciaRecuperandoClave(Ljava/sql/Connection;Ljava/lang/String;[Ljava/lang/Object;)I at bci 129
#
# JRE version: Java(TM) SE Runtime Environment (21.0.9+7) (build 21.0.9+7-LTS-338)
# Java VM: Java HotSpot(TM) 64-Bit Server VM (21.0.9+7-LTS-338, mixed mode, sharing, tiered, compressed oops, compressed class ptrs, g1 gc, windows-amd64)
# No core dump will be written. Minidumps are not enabled by default on client versions of Windows
#
# If you would like to submit a bug report, please visit:
#   https://bugreport.java.com/bugreport/crash.jsp
#

---------------  S U M M A R Y ------------

Command Line: -agentlib:jdwp=transport=dt_socket,address=127.0.0.1:51521,suspend=y,server=n -javaagent:C:\Users\usuario\AppData\Local\JetBrains\IntelliJIdea2025.3\captureAgent\debugger-agent.jar=file:///C:/Users/usuario/AppData/Local/Temp/capture2070693538912916381.props -agentpath:C:\Users\usuario\AppData\Local\Temp\idea_libasyncProfiler_dll_temp_folder\libasyncProfiler.dll=version,jfr,event=wall,interval=10ms,cstack=no,file=C:\Users\usuario\IdeaSnapshots\Main_2026_01_22_103002.jfr,dbghelppath=C:\Users\usuario\AppData\Local\Temp\idea_dbghelp_dll_temp_folder\dbghelp.dll,log=C:\Users\usuario\AppData\Local\Temp\Main_2026_01_22_103002.jfr.log.txt,logLevel=DEBUG -Dkotlinx.coroutines.debug.enable.creation.stack.trace=false -Ddebugger.agent.enable.coroutines=true -Dkotlinx.coroutines.debug.enable.flows.stack.trace=true -Dkotlinx.coroutines.debug.enable.mutable.state.flows.stack.trace=true -Ddebugger.async.stack.trace.for.all.threads=true -Dfile.encoding=UTF-8 -Dsun.stdout.encoding=UTF-8 -Dsun.stderr.encoding=UTF-8 Main

Host: Intel(R) Core(TM) i5-10500 CPU @ 3.10GHz, 4 cores, 7G,  Windows 10 , 64 bit Build 19041 (10.0.19041.5915)
Time: Thu Jan 22 10:32:17 2026 Hora estándar romance elapsed time: 134.479233 seconds (0d 0h 2m 14s)

---------------  T H R E A D  ---------------

Current thread (0x000001efc478ceb0):  JavaThread "main"             [_thread_in_vm, id=368, stack(0x00000084b5d00000,0x00000084b5e00000) (1024K)]

Stack: [0x00000084b5d00000,0x00000084b5e00000]
Native frames: (J=compiled Java code, j=interpreted, Vv=VM code, C=native code)
V  [jvm.dll+0x6cbf89]
V  [jvm.dll+0x858421]
V  [jvm.dll+0x85a94e]
V  [jvm.dll+0x27e9b1]
V  [jvm.dll+0x67e913]
V  [jvm.dll+0x3d5b34]
C  0x000001efcbeb82ab

The last pc belongs to breakpoint (printed below).
Java frames: (J=compiled Java code, j=interpreted, Vv=VM code)
j  utilidades.GestorConexiones.ejecutarSentenciaRecuperandoClave(Ljava/sql/Connection;Ljava/lang/String;[Ljava/lang/Object;)I+129
j  logica.ExposicionDAO.insertarFotografias(Ljava/util/List;)V+125
j  persistencia.GestorExposicion.insertarFotografias(Ljava/lang/String;Ljava/lang/String;Ljava/util/List;)V+106
j  Main.main([Ljava/lang/String;)V+128
v  ~StubRoutines::call_stub 0x000001efcbe9100d
breakpoint  202 breakpoint  [0x000001efcbeb8220, 0x000001efcbeb8518]  760 bytes
[MachCode]
  0x000001efcbeb8220: 4883 ec08 | c5fa 1104 | 24eb 1f48 | 83ec 10c5 | fb11 0424 | eb14 4883 | ec10 4889 | 0424 48c7 
  0x000001efcbeb8240: 4424 0800 | 0000 00eb | 0150 488b | 55e8 e805 | 0000 00e9 | 5001 0000 | 4d8b c548 | 8d44 2408 
  0x000001efcbeb8260: 4c89 6dc0 | 498b cfc5 | f877 4989 | afb0 0300 | 0049 8987 | a003 0000 | 4883 ec20 | 40f6 c40f 
  0x000001efcbeb8280: 0f84 1900 | 0000 4883 | ec08 48b8 | 005b 5743 | fa7f 0000 | ffd0 4883 | c408 e90c | 0000 0048 
  0x000001efcbeb82a0: b800 5b57 | 43fa 7f00 | 00ff d048 | 83c4 2049 | c787 a003 | 0000 0000 | 0000 49c7 | 87b0 0300 
  0x000001efcbeb82c0: 0000 0000 | 0049 c787 | a803 0000 | 0000 0000 | c5f8 7741 | 8b8f 2c05 | 0000 f6c1 | 010f 8442 
  0x000001efcbeb82e0: 0000 00f6 | c102 0f85 | 3900 0000 | 4883 ec20 | 40f6 c40f | 0f84 1900 | 0000 4883 | ec08 48b8 
  0x000001efcbeb8300: c021 5743 | fa7f 0000 | ffd0 4883 | c408 e90c | 0000 0048 | b8c0 2157 | 43fa 7f00 | 00ff d048 
  0x000001efcbeb8320: 83c4 20ff | e049 8b8f | d805 0000 | 4885 c90f | 8455 0000 | 008b 899c | 0000 0083 | f901 0f85 
  0x000001efcbeb8340: 4600 0000 | 498b 8fd8 | 0500 008b | 89a0 0000 | 0048 83ec | 2040 f6c4 | 0f0f 8419 | 0000 0048 
  0x000001efcbeb8360: 83ec 0848 | b8b0 2157 | 43fa 7f00 | 00ff d048 | 83c4 08e9 | 0c00 0000 | 48b8 b021 | 5743 fa7f 
  0x000001efcbeb8380: 0000 ffd0 | 4883 c420 | ffe0 4983 | 7f08 000f | 8405 0000 | 00e9 668b | fdff 4c8b | 6dc0 4c8b 
  0x000001efcbeb83a0: 75c8 4e8d | 74f5 00c3 | 488b d848 | 8b55 e8e8 | 0500 0000 | e950 0100 | 004d 8bc5 | 488d 4424 
  0x000001efcbeb83c0: 084c 896d | c049 8bcf | c5f8 7749 | 89af b003 | 0000 4989 | 87a0 0300 | 0048 83ec | 2040 f6c4 
  0x000001efcbeb83e0: 0f0f 8419 | 0000 0048 | 83ec 0848 | b8e0 4357 | 43fa 7f00 | 00ff d048 | 83c4 08e9 | 0c00 0000 
  0x000001efcbeb8400: 48b8 e043 | 5743 fa7f | 0000 ffd0 | 4883 c420 | 49c7 87a0 | 0300 0000 | 0000 0049 | c787 b003 
  0x000001efcbeb8420: 0000 0000 | 0000 49c7 | 87a8 0300 | 0000 0000 | 00c5 f877 | 418b 8f2c | 0500 00f6 | c101 0f84 
  0x000001efcbeb8440: 4200 0000 | f6c1 020f | 8539 0000 | 0048 83ec | 2040 f6c4 | 0f0f 8419 | 0000 0048 | 83ec 0848 
  0x000001efcbeb8460: b8c0 2157 | 43fa 7f00 | 00ff d048 | 83c4 08e9 | 0c00 0000 | 48b8 c021 | 5743 fa7f | 0000 ffd0 
  0x000001efcbeb8480: 4883 c420 | ffe0 498b | 8fd8 0500 | 0048 85c9 | 0f84 5500 | 0000 8b89 | 9c00 0000 | 83f9 010f 
  0x000001efcbeb84a0: 8546 0000 | 0049 8b8f | d805 0000 | 8b89 a000 | 0000 4883 | ec20 40f6 | c40f 0f84 | 1900 0000 
  0x000001efcbeb84c0: 4883 ec08 | 48b8 b021 | 5743 fa7f | 0000 ffd0 | 4883 c408 | e90c 0000 | 0048 b8b0 | 2157 43fa 
  0x000001efcbeb84e0: 7f00 00ff | d048 83c4 | 20ff e049 | 837f 0800 | 0f84 0500 | 0000 e905 | 8afd ff4c | 8b6d c04c 
  0x000001efcbeb8500: 8b75 c84e | 8d74 f500 | c349 ba80 | a3df 43fa | 7f00 0041 | ff24 da90 
[/MachCode]

---------------  P R O C E S S  ---------------

Threads class SMR info:
_java_thread_list=0x000001f01a225420, length=14, elements={
0x000001efc478ceb0, 0x000001f01a0b4420, 0x000001f01a0b50a0, 0x000001f01a0b8ef0,
0x000001f01a0b9950, 0x000001f01a0baf90, 0x000001f01a0bda00, 0x000001f01a0c3160,
0x000001f01a0f7540, 0x000001f01a330590, 0x000001f01a3377d0, 0x000001f01a3581c0,
0x000001f01a3a3f50, 0x000001f01a39c8f0
}

Java Threads: ( => current thread )
=>0x000001efc478ceb0 JavaThread "main"                              [_thread_in_vm, id=368, stack(0x00000084b5d00000,0x00000084b5e00000) (1024K)]
  0x000001f01a0b4420 JavaThread "Reference Handler"          daemon [_thread_blocked, id=5164, stack(0x00000084b6500000,0x00000084b6600000) (1024K)]
  0x000001f01a0b50a0 JavaThread "Finalizer"                  daemon [_thread_blocked, id=1904, stack(0x00000084b6600000,0x00000084b6700000) (1024K)]
  0x000001f01a0b8ef0 JavaThread "Signal Dispatcher"          daemon [_thread_blocked, id=1396, stack(0x00000084b6700000,0x00000084b6800000) (1024K)]
  0x000001f01a0b9950 JavaThread "Attach Listener"            daemon [_thread_blocked, id=10180, stack(0x00000084b6800000,0x00000084b6900000) (1024K)]
  0x000001f01a0baf90 JavaThread "Service Thread"             daemon [_thread_blocked, id=10076, stack(0x00000084b6900000,0x00000084b6a00000) (1024K)]
  0x000001f01a0bda00 JavaThread "Monitor Deflation Thread"   daemon [_thread_blocked, id=8944, stack(0x00000084b6a00000,0x00000084b6b00000) (1024K)]
  0x000001f01a0c3160 JavaThread "C2 CompilerThread0"         daemon [_thread_blocked, id=9732, stack(0x00000084b6b00000,0x00000084b6c00000) (1024K)]
  0x000001f01a0f7540 JavaThread "C1 CompilerThread0"         daemon [_thread_blocked, id=5840, stack(0x00000084b6c00000,0x00000084b6d00000) (1024K)]
  0x000001f01a330590 JavaThread "JDWP Transport Listener: dt_socket" daemon [_thread_blocked, id=6976, stack(0x00000084b6d00000,0x00000084b6e00000) (1024K)]
  0x000001f01a3377d0 JavaThread "JDWP Event Helper Thread"   daemon [_thread_blocked, id=1096, stack(0x00000084b6e00000,0x00000084b6f00000) (1024K)]
  0x000001f01a3581c0 JavaThread "Common-Cleaner"             daemon [_thread_blocked, id=3728, stack(0x00000084b7000000,0x00000084b7100000) (1024K)]
  0x000001f01a3a3f50 JavaThread "IntelliJ Suspend Helper"    daemon [_thread_blocked, id=5916, stack(0x00000084b7100000,0x00000084b7200000) (1024K)]
  0x000001f01a39c8f0 JavaThread "Notification Thread"        daemon [_thread_blocked, id=5348, stack(0x00000084b7200000,0x00000084b7300000) (1024K)]
Total: 14

Other Threads:
  0x000001f01a091fb0 VMThread "VM Thread"                           [id=9112, stack(0x00000084b6400000,0x00000084b6500000) (1024K)] _threads_hazard_ptr=0x000001f01a225420
  0x000001f01a080b10 WatcherThread "VM Periodic Task Thread"        [id=5824, stack(0x00000084b6300000,0x00000084b6400000) (1024K)]
  0x000001efc47ee640 WorkerThread "GC Thread#0"                     [id=408, stack(0x00000084b5e00000,0x00000084b5f00000) (1024K)]
  0x000001f01a98a380 WorkerThread "GC Thread#1"                     [id=292, stack(0x00000084b7400000,0x00000084b7500000) (1024K)]
  0x000001f01f214490 WorkerThread "GC Thread#2"                     [id=1216, stack(0x00000084b7500000,0x00000084b7600000) (1024K)]
  0x000001f01ab6f0f0 WorkerThread "GC Thread#3"                     [id=3560, stack(0x00000084b7600000,0x00000084b7700000) (1024K)]
  0x000001efc47ff540 ConcurrentGCThread "G1 Main Marker"            [id=3908, stack(0x00000084b5f00000,0x00000084b6000000) (1024K)]
  0x000001efc47fff60 WorkerThread "G1 Conc#0"                       [id=3440, stack(0x00000084b6000000,0x00000084b6100000) (1024K)]
  0x000001efc488f4b0 ConcurrentGCThread "G1 Refine#0"               [id=2632, stack(0x00000084b6100000,0x00000084b6200000) (1024K)]
  0x000001efc488ff40 ConcurrentGCThread "G1 Service"                [id=5620, stack(0x00000084b6200000,0x00000084b6300000) (1024K)]
Total: 10

Threads with active compile tasks:
Total: 0

VM state: synchronizing (normal execution)

VM Mutex/Monitor currently owned by a thread:  ([mutex/lock_event])
[0x00007ffa43de0df0] Threads_lock - owner thread: 0x000001f01a091fb0

Heap address: 0x0000000080000000, size: 2048 MB, Compressed Oops mode: 32-bit

CDS archive(s) mapped at: [0x000001efd9000000-0x000001efd9c90000-0x000001efd9c90000), size 13172736, SharedBaseAddress: 0x000001efd9000000, ArchiveRelocationMode: 1.
Compressed class space mapped at: 0x000001efda000000-0x000001f01a000000, reserved size: 1073741824
Narrow klass base: 0x000001efd9000000, Narrow klass shift: 0, Narrow klass range: 0x100000000

GC Precious Log:
 CardTable entry size: 512
 Card Set container configuration: InlinePtr #cards 5 size 8 Array Of Cards #cards 12 size 40 Howl #buckets 4 coarsen threshold 1843 Howl Bitmap #cards 512 size 80 coarsen threshold 460 Card regions per heap region 1 cards per card region 2048
 CPUs: 4 total, 4 available
 Memory: 8191M
 Large Page Support: Disabled
 NUMA Support: Disabled
 Compressed Oops: Enabled (32-bit)
 Heap Region Size: 1M
 Heap Min Capacity: 8M
 Heap Initial Capacity: 128M
 Heap Max Capacity: 2G
 Pre-touch: Disabled
 Parallel Workers: 4
 Concurrent Workers: 1
 Concurrent Refinement Workers: 4
 Periodic GC: Disabled

Heap:
 garbage-first heap   total 131072K, used 15556K [0x0000000080000000, 0x0000000100000000)
  region size 1024K, 17 young (17408K), 2 survivors (2048K)
 Metaspace       used 14589K, committed 14784K, reserved 1114112K
  class space    used 1376K, committed 1472K, reserved 1048576K

Heap Regions: E=young(eden), S=young(survivor), O=old, HS=humongous(starts), HC=humongous(continues), CS=collection set, F=free, TAMS=top-at-mark-start, PB=parsable bottom
|   0|0x0000000080000000, 0x0000000080031250, 0x0000000080100000| 19%| O|  |TAMS 0x0000000080000000| PB 0x0000000080000000| Untracked 
|   1|0x0000000080100000, 0x0000000080100000, 0x0000000080200000|  0%| F|  |TAMS 0x0000000080100000| PB 0x0000000080100000| Untracked 
|   2|0x0000000080200000, 0x0000000080200000, 0x0000000080300000|  0%| F|  |TAMS 0x0000000080200000| PB 0x0000000080200000| Untracked 
|   3|0x0000000080300000, 0x0000000080300000, 0x0000000080400000|  0%| F|  |TAMS 0x0000000080300000| PB 0x0000000080300000| Untracked 
|   4|0x0000000080400000, 0x0000000080400000, 0x0000000080500000|  0%| F|  |TAMS 0x0000000080400000| PB 0x0000000080400000| Untracked 
|   5|0x0000000080500000, 0x0000000080500000, 0x0000000080600000|  0%| F|  |TAMS 0x0000000080500000| PB 0x0000000080500000| Untracked 
|   6|0x0000000080600000, 0x0000000080600000, 0x0000000080700000|  0%| F|  |TAMS 0x0000000080600000| PB 0x0000000080600000| Untracked 
|   7|0x0000000080700000, 0x0000000080700000, 0x0000000080800000|  0%| F|  |TAMS 0x0000000080700000| PB 0x0000000080700000| Untracked 
|   8|0x0000000080800000, 0x0000000080800000, 0x0000000080900000|  0%| F|  |TAMS 0x0000000080800000| PB 0x0000000080800000| Untracked 
|   9|0x0000000080900000, 0x0000000080900000, 0x0000000080a00000|  0%| F|  |TAMS 0x0000000080900000| PB 0x0000000080900000| Untracked 
|  10|0x0000000080a00000, 0x0000000080a00000, 0x0000000080b00000|  0%| F|  |TAMS 0x0000000080a00000| PB 0x0000000080a00000| Untracked 
|  11|0x0000000080b00000, 0x0000000080b00000, 0x0000000080c00000|  0%| F|  |TAMS 0x0000000080b00000| PB 0x0000000080b00000| Untracked 
|  12|0x0000000080c00000, 0x0000000080c00000, 0x0000000080d00000|  0%| F|  |TAMS 0x0000000080c00000| PB 0x0000000080c00000| Untracked 
|  13|0x0000000080d00000, 0x0000000080d00000, 0x0000000080e00000|  0%| F|  |TAMS 0x0000000080d00000| PB 0x0000000080d00000| Untracked 
|  14|0x0000000080e00000, 0x0000000080e00000, 0x0000000080f00000|  0%| F|  |TAMS 0x0000000080e00000| PB 0x0000000080e00000| Untracked 
|  15|0x0000000080f00000, 0x0000000080f00000, 0x0000000081000000|  0%| F|  |TAMS 0x0000000080f00000| PB 0x0000000080f00000| Untracked 
|  16|0x0000000081000000, 0x0000000081000000, 0x0000000081100000|  0%| F|  |TAMS 0x0000000081000000| PB 0x0000000081000000| Untracked 
|  17|0x0000000081100000, 0x0000000081100000, 0x0000000081200000|  0%| F|  |TAMS 0x0000000081100000| PB 0x0000000081100000| Untracked 
|  18|0x0000000081200000, 0x0000000081200000, 0x0000000081300000|  0%| F|  |TAMS 0x0000000081200000| PB 0x0000000081200000| Untracked 
|  19|0x0000000081300000, 0x0000000081300000, 0x0000000081400000|  0%| F|  |TAMS 0x0000000081300000| PB 0x0000000081300000| Untracked 
|  20|0x0000000081400000, 0x0000000081400000, 0x0000000081500000|  0%| F|  |TAMS 0x0000000081400000| PB 0x0000000081400000| Untracked 
|  21|0x0000000081500000, 0x0000000081500000, 0x0000000081600000|  0%| F|  |TAMS 0x0000000081500000| PB 0x0000000081500000| Untracked 
|  22|0x0000000081600000, 0x0000000081600000, 0x0000000081700000|  0%| F|  |TAMS 0x0000000081600000| PB 0x0000000081600000| Untracked 
|  23|0x0000000081700000, 0x0000000081700000, 0x0000000081800000|  0%| F|  |TAMS 0x0000000081700000| PB 0x0000000081700000| Untracked 
|  24|0x0000000081800000, 0x0000000081800000, 0x0000000081900000|  0%| F|  |TAMS 0x0000000081800000| PB 0x0000000081800000| Untracked 
|  25|0x0000000081900000, 0x0000000081900000, 0x0000000081a00000|  0%| F|  |TAMS 0x0000000081900000| PB 0x0000000081900000| Untracked 
|  26|0x0000000081a00000, 0x0000000081a00000, 0x0000000081b00000|  0%| F|  |TAMS 0x0000000081a00000| PB 0x0000000081a00000| Untracked 
|  27|0x0000000081b00000, 0x0000000081b00000, 0x0000000081c00000|  0%| F|  |TAMS 0x0000000081b00000| PB 0x0000000081b00000| Untracked 
|  28|0x0000000081c00000, 0x0000000081c00000, 0x0000000081d00000|  0%| F|  |TAMS 0x0000000081c00000| PB 0x0000000081c00000| Untracked 
|  29|0x0000000081d00000, 0x0000000081d00000, 0x0000000081e00000|  0%| F|  |TAMS 0x0000000081d00000| PB 0x0000000081d00000| Untracked 
|  30|0x0000000081e00000, 0x0000000081e00000, 0x0000000081f00000|  0%| F|  |TAMS 0x0000000081e00000| PB 0x0000000081e00000| Untracked 
|  31|0x0000000081f00000, 0x0000000081f00000, 0x0000000082000000|  0%| F|  |TAMS 0x0000000081f00000| PB 0x0000000081f00000| Untracked 
|  32|0x0000000082000000, 0x0000000082000000, 0x0000000082100000|  0%| F|  |TAMS 0x0000000082000000| PB 0x0000000082000000| Untracked 
|  33|0x0000000082100000, 0x0000000082100000, 0x0000000082200000|  0%| F|  |TAMS 0x0000000082100000| PB 0x0000000082100000| Untracked 
|  34|0x0000000082200000, 0x0000000082200000, 0x0000000082300000|  0%| F|  |TAMS 0x0000000082200000| PB 0x0000000082200000| Untracked 
|  35|0x0000000082300000, 0x0000000082300000, 0x0000000082400000|  0%| F|  |TAMS 0x0000000082300000| PB 0x0000000082300000| Untracked 
|  36|0x0000000082400000, 0x0000000082400000, 0x0000000082500000|  0%| F|  |TAMS 0x0000000082400000| PB 0x0000000082400000| Untracked 
|  37|0x0000000082500000, 0x0000000082500000, 0x0000000082600000|  0%| F|  |TAMS 0x0000000082500000| PB 0x0000000082500000| Untracked 
|  38|0x0000000082600000, 0x0000000082600000, 0x0000000082700000|  0%| F|  |TAMS 0x0000000082600000| PB 0x0000000082600000| Untracked 
|  39|0x0000000082700000, 0x0000000082700000, 0x0000000082800000|  0%| F|  |TAMS 0x0000000082700000| PB 0x0000000082700000| Untracked 
|  40|0x0000000082800000, 0x0000000082800000, 0x0000000082900000|  0%| F|  |TAMS 0x0000000082800000| PB 0x0000000082800000| Untracked 
|  41|0x0000000082900000, 0x0000000082900000, 0x0000000082a00000|  0%| F|  |TAMS 0x0000000082900000| PB 0x0000000082900000| Untracked 
|  42|0x0000000082a00000, 0x0000000082a00000, 0x0000000082b00000|  0%| F|  |TAMS 0x0000000082a00000| PB 0x0000000082a00000| Untracked 
|  43|0x0000000082b00000, 0x0000000082b00000, 0x0000000082c00000|  0%| F|  |TAMS 0x0000000082b00000| PB 0x0000000082b00000| Untracked 
|  44|0x0000000082c00000, 0x0000000082c00000, 0x0000000082d00000|  0%| F|  |TAMS 0x0000000082c00000| PB 0x0000000082c00000| Untracked 
|  45|0x0000000082d00000, 0x0000000082d00000, 0x0000000082e00000|  0%| F|  |TAMS 0x0000000082d00000| PB 0x0000000082d00000| Untracked 
|  46|0x0000000082e00000, 0x0000000082e00000, 0x0000000082f00000|  0%| F|  |TAMS 0x0000000082e00000| PB 0x0000000082e00000| Untracked 
|  47|0x0000000082f00000, 0x0000000082f00000, 0x0000000083000000|  0%| F|  |TAMS 0x0000000082f00000| PB 0x0000000082f00000| Untracked 
|  48|0x0000000083000000, 0x0000000083000000, 0x0000000083100000|  0%| F|  |TAMS 0x0000000083000000| PB 0x0000000083000000| Untracked 
|  49|0x0000000083100000, 0x0000000083100000, 0x0000000083200000|  0%| F|  |TAMS 0x0000000083100000| PB 0x0000000083100000| Untracked 
|  50|0x0000000083200000, 0x0000000083200000, 0x0000000083300000|  0%| F|  |TAMS 0x0000000083200000| PB 0x0000000083200000| Untracked 
|  51|0x0000000083300000, 0x0000000083300000, 0x0000000083400000|  0%| F|  |TAMS 0x0000000083300000| PB 0x0000000083300000| Untracked 
|  52|0x0000000083400000, 0x0000000083400000, 0x0000000083500000|  0%| F|  |TAMS 0x0000000083400000| PB 0x0000000083400000| Untracked 
|  53|0x0000000083500000, 0x0000000083500000, 0x0000000083600000|  0%| F|  |TAMS 0x0000000083500000| PB 0x0000000083500000| Untracked 
|  54|0x0000000083600000, 0x0000000083600000, 0x0000000083700000|  0%| F|  |TAMS 0x0000000083600000| PB 0x0000000083600000| Untracked 
|  55|0x0000000083700000, 0x0000000083700000, 0x0000000083800000|  0%| F|  |TAMS 0x0000000083700000| PB 0x0000000083700000| Untracked 
|  56|0x0000000083800000, 0x0000000083800000, 0x0000000083900000|  0%| F|  |TAMS 0x0000000083800000| PB 0x0000000083800000| Untracked 
|  57|0x0000000083900000, 0x0000000083900000, 0x0000000083a00000|  0%| F|  |TAMS 0x0000000083900000| PB 0x0000000083900000| Untracked 
|  58|0x0000000083a00000, 0x0000000083a00000, 0x0000000083b00000|  0%| F|  |TAMS 0x0000000083a00000| PB 0x0000000083a00000| Untracked 
|  59|0x0000000083b00000, 0x0000000083b00000, 0x0000000083c00000|  0%| F|  |TAMS 0x0000000083b00000| PB 0x0000000083b00000| Untracked 
|  60|0x0000000083c00000, 0x0000000083c00000, 0x0000000083d00000|  0%| F|  |TAMS 0x0000000083c00000| PB 0x0000000083c00000| Untracked 
|  61|0x0000000083d00000, 0x0000000083d00000, 0x0000000083e00000|  0%| F|  |TAMS 0x0000000083d00000| PB 0x0000000083d00000| Untracked 
|  62|0x0000000083e00000, 0x0000000083e00000, 0x0000000083f00000|  0%| F|  |TAMS 0x0000000083e00000| PB 0x0000000083e00000| Untracked 
|  63|0x0000000083f00000, 0x0000000083f00000, 0x0000000084000000|  0%| F|  |TAMS 0x0000000083f00000| PB 0x0000000083f00000| Untracked 
|  64|0x0000000084000000, 0x0000000084000000, 0x0000000084100000|  0%| F|  |TAMS 0x0000000084000000| PB 0x0000000084000000| Untracked 
|  65|0x0000000084100000, 0x0000000084100000, 0x0000000084200000|  0%| F|  |TAMS 0x0000000084100000| PB 0x0000000084100000| Untracked 
|  66|0x0000000084200000, 0x0000000084200000, 0x0000000084300000|  0%| F|  |TAMS 0x0000000084200000| PB 0x0000000084200000| Untracked 
|  67|0x0000000084300000, 0x0000000084300000, 0x0000000084400000|  0%| F|  |TAMS 0x0000000084300000| PB 0x0000000084300000| Untracked 
|  68|0x0000000084400000, 0x0000000084400000, 0x0000000084500000|  0%| F|  |TAMS 0x0000000084400000| PB 0x0000000084400000| Untracked 
|  69|0x0000000084500000, 0x0000000084500000, 0x0000000084600000|  0%| F|  |TAMS 0x0000000084500000| PB 0x0000000084500000| Untracked 
|  70|0x0000000084600000, 0x0000000084600000, 0x0000000084700000|  0%| F|  |TAMS 0x0000000084600000| PB 0x0000000084600000| Untracked 
|  71|0x0000000084700000, 0x0000000084700000, 0x0000000084800000|  0%| F|  |TAMS 0x0000000084700000| PB 0x0000000084700000| Untracked 
|  72|0x0000000084800000, 0x0000000084800000, 0x0000000084900000|  0%| F|  |TAMS 0x0000000084800000| PB 0x0000000084800000| Untracked 
|  73|0x0000000084900000, 0x0000000084900000, 0x0000000084a00000|  0%| F|  |TAMS 0x0000000084900000| PB 0x0000000084900000| Untracked 
|  74|0x0000000084a00000, 0x0000000084a00000, 0x0000000084b00000|  0%| F|  |TAMS 0x0000000084a00000| PB 0x0000000084a00000| Untracked 
|  75|0x0000000084b00000, 0x0000000084b00000, 0x0000000084c00000|  0%| F|  |TAMS 0x0000000084b00000| PB 0x0000000084b00000| Untracked 
|  76|0x0000000084c00000, 0x0000000084c00000, 0x0000000084d00000|  0%| F|  |TAMS 0x0000000084c00000| PB 0x0000000084c00000| Untracked 
|  77|0x0000000084d00000, 0x0000000084d00000, 0x0000000084e00000|  0%| F|  |TAMS 0x0000000084d00000| PB 0x0000000084d00000| Untracked 
|  78|0x0000000084e00000, 0x0000000084e00000, 0x0000000084f00000|  0%| F|  |TAMS 0x0000000084e00000| PB 0x0000000084e00000| Untracked 
|  79|0x0000000084f00000, 0x0000000084f00000, 0x0000000085000000|  0%| F|  |TAMS 0x0000000084f00000| PB 0x0000000084f00000| Untracked 
|  80|0x0000000085000000, 0x0000000085000000, 0x0000000085100000|  0%| F|  |TAMS 0x0000000085000000| PB 0x0000000085000000| Untracked 
|  81|0x0000000085100000, 0x0000000085100000, 0x0000000085200000|  0%| F|  |TAMS 0x0000000085100000| PB 0x0000000085100000| Untracked 
|  82|0x0000000085200000, 0x0000000085200000, 0x0000000085300000|  0%| F|  |TAMS 0x0000000085200000| PB 0x0000000085200000| Untracked 
|  83|0x0000000085300000, 0x0000000085300000, 0x0000000085400000|  0%| F|  |TAMS 0x0000000085300000| PB 0x0000000085300000| Untracked 
|  84|0x0000000085400000, 0x0000000085400000, 0x0000000085500000|  0%| F|  |TAMS 0x0000000085400000| PB 0x0000000085400000| Untracked 
|  85|0x0000000085500000, 0x0000000085500000, 0x0000000085600000|  0%| F|  |TAMS 0x0000000085500000| PB 0x0000000085500000| Untracked 
|  86|0x0000000085600000, 0x0000000085600000, 0x0000000085700000|  0%| F|  |TAMS 0x0000000085600000| PB 0x0000000085600000| Untracked 
|  87|0x0000000085700000, 0x0000000085700000, 0x0000000085800000|  0%| F|  |TAMS 0x0000000085700000| PB 0x0000000085700000| Untracked 
|  88|0x0000000085800000, 0x0000000085800000, 0x0000000085900000|  0%| F|  |TAMS 0x0000000085800000| PB 0x0000000085800000| Untracked 
|  89|0x0000000085900000, 0x0000000085900000, 0x0000000085a00000|  0%| F|  |TAMS 0x0000000085900000| PB 0x0000000085900000| Untracked 
|  90|0x0000000085a00000, 0x0000000085a00000, 0x0000000085b00000|  0%| F|  |TAMS 0x0000000085a00000| PB 0x0000000085a00000| Untracked 
|  91|0x0000000085b00000, 0x0000000085b00000, 0x0000000085c00000|  0%| F|  |TAMS 0x0000000085b00000| PB 0x0000000085b00000| Untracked 
|  92|0x0000000085c00000, 0x0000000085c00000, 0x0000000085d00000|  0%| F|  |TAMS 0x0000000085c00000| PB 0x0000000085c00000| Untracked 
|  93|0x0000000085d00000, 0x0000000085d00000, 0x0000000085e00000|  0%| F|  |TAMS 0x0000000085d00000| PB 0x0000000085d00000| Untracked 
|  94|0x0000000085e00000, 0x0000000085e00000, 0x0000000085f00000|  0%| F|  |TAMS 0x0000000085e00000| PB 0x0000000085e00000| Untracked 
|  95|0x0000000085f00000, 0x0000000085f00000, 0x0000000086000000|  0%| F|  |TAMS 0x0000000085f00000| PB 0x0000000085f00000| Untracked 
|  96|0x0000000086000000, 0x0000000086000000, 0x0000000086100000|  0%| F|  |TAMS 0x0000000086000000| PB 0x0000000086000000| Untracked 
|  97|0x0000000086100000, 0x0000000086100000, 0x0000000086200000|  0%| F|  |TAMS 0x0000000086100000| PB 0x0000000086100000| Untracked 
|  98|0x0000000086200000, 0x0000000086200000, 0x0000000086300000|  0%| F|  |TAMS 0x0000000086200000| PB 0x0000000086200000| Untracked 
|  99|0x0000000086300000, 0x0000000086300000, 0x0000000086400000|  0%| F|  |TAMS 0x0000000086300000| PB 0x0000000086300000| Untracked 
| 100|0x0000000086400000, 0x0000000086400000, 0x0000000086500000|  0%| F|  |TAMS 0x0000000086400000| PB 0x0000000086400000| Untracked 
| 101|0x0000000086500000, 0x0000000086500000, 0x0000000086600000|  0%| F|  |TAMS 0x0000000086500000| PB 0x0000000086500000| Untracked 
| 102|0x0000000086600000, 0x0000000086600000, 0x0000000086700000|  0%| F|  |TAMS 0x0000000086600000| PB 0x0000000086600000| Untracked 
| 103|0x0000000086700000, 0x0000000086700000, 0x0000000086800000|  0%| F|  |TAMS 0x0000000086700000| PB 0x0000000086700000| Untracked 
| 104|0x0000000086800000, 0x0000000086800000, 0x0000000086900000|  0%| F|  |TAMS 0x0000000086800000| PB 0x0000000086800000| Untracked 
| 105|0x0000000086900000, 0x0000000086900000, 0x0000000086a00000|  0%| F|  |TAMS 0x0000000086900000| PB 0x0000000086900000| Untracked 
| 106|0x0000000086a00000, 0x0000000086a00000, 0x0000000086b00000|  0%| F|  |TAMS 0x0000000086a00000| PB 0x0000000086a00000| Untracked 
| 107|0x0000000086b00000, 0x0000000086b00000, 0x0000000086c00000|  0%| F|  |TAMS 0x0000000086b00000| PB 0x0000000086b00000| Untracked 
| 108|0x0000000086c00000, 0x0000000086c00000, 0x0000000086d00000|  0%| F|  |TAMS 0x0000000086c00000| PB 0x0000000086c00000| Untracked 
| 109|0x0000000086d00000, 0x0000000086d00000, 0x0000000086e00000|  0%| F|  |TAMS 0x0000000086d00000| PB 0x0000000086d00000| Untracked 
| 110|0x0000000086e00000, 0x0000000086e00000, 0x0000000086f00000|  0%| F|  |TAMS 0x0000000086e00000| PB 0x0000000086e00000| Untracked 
| 111|0x0000000086f00000, 0x0000000086fa2280, 0x0000000087000000| 63%| E|  |TAMS 0x0000000086f00000| PB 0x0000000086f00000| Complete 
| 112|0x0000000087000000, 0x0000000087100000, 0x0000000087100000|100%| E|CS|TAMS 0x0000000087000000| PB 0x0000000087000000| Complete 
| 113|0x0000000087100000, 0x0000000087200000, 0x0000000087200000|100%| S|CS|TAMS 0x0000000087100000| PB 0x0000000087100000| Complete 
| 114|0x0000000087200000, 0x0000000087300000, 0x0000000087300000|100%| S|CS|TAMS 0x0000000087200000| PB 0x0000000087200000| Complete 
| 115|0x0000000087300000, 0x0000000087400000, 0x0000000087400000|100%| E|  |TAMS 0x0000000087300000| PB 0x0000000087300000| Complete 
| 116|0x0000000087400000, 0x0000000087500000, 0x0000000087500000|100%| E|CS|TAMS 0x0000000087400000| PB 0x0000000087400000| Complete 
| 117|0x0000000087500000, 0x0000000087600000, 0x0000000087600000|100%| E|CS|TAMS 0x0000000087500000| PB 0x0000000087500000| Complete 
| 118|0x0000000087600000, 0x0000000087700000, 0x0000000087700000|100%| E|CS|TAMS 0x0000000087600000| PB 0x0000000087600000| Complete 
| 119|0x0000000087700000, 0x0000000087800000, 0x0000000087800000|100%| E|CS|TAMS 0x0000000087700000| PB 0x0000000087700000| Complete 
| 120|0x0000000087800000, 0x0000000087900000, 0x0000000087900000|100%| E|CS|TAMS 0x0000000087800000| PB 0x0000000087800000| Complete 
| 121|0x0000000087900000, 0x0000000087a00000, 0x0000000087a00000|100%| E|CS|TAMS 0x0000000087900000| PB 0x0000000087900000| Complete 
| 122|0x0000000087a00000, 0x0000000087b00000, 0x0000000087b00000|100%| E|CS|TAMS 0x0000000087a00000| PB 0x0000000087a00000| Complete 
| 123|0x0000000087b00000, 0x0000000087c00000, 0x0000000087c00000|100%| E|CS|TAMS 0x0000000087b00000| PB 0x0000000087b00000| Complete 
| 124|0x0000000087c00000, 0x0000000087d00000, 0x0000000087d00000|100%| E|CS|TAMS 0x0000000087c00000| PB 0x0000000087c00000| Complete 
| 125|0x0000000087d00000, 0x0000000087e00000, 0x0000000087e00000|100%| E|CS|TAMS 0x0000000087d00000| PB 0x0000000087d00000| Complete 
| 126|0x0000000087e00000, 0x0000000087f00000, 0x0000000087f00000|100%| E|CS|TAMS 0x0000000087e00000| PB 0x0000000087e00000| Complete 
| 127|0x0000000087f00000, 0x0000000088000000, 0x0000000088000000|100%| E|CS|TAMS 0x0000000087f00000| PB 0x0000000087f00000| Complete 

Card table byte_map: [0x000001efd43a0000,0x000001efd47a0000] _byte_map_base: 0x000001efd3fa0000

Marking Bits: (CMBitMap*) 0x000001efc47eec60
 Bits: [0x000001efd47a0000, 0x000001efd67a0000)

Polling page: 0x000001efb9eb0000

Metaspace:

Usage:
  Non-class:     12.90 MB used.
      Class:      1.34 MB used.
       Both:     14.25 MB used.

Virtual space:
  Non-class space:       64.00 MB reserved,      13.00 MB ( 20%) committed,  1 nodes.
      Class space:        1.00 GB reserved,       1.44 MB ( <1%) committed,  1 nodes.
             Both:        1.06 GB reserved,      14.44 MB (  1%) committed. 

Chunk freelists:
   Non-Class:  2.19 MB
       Class:  14.56 MB
        Both:  16.75 MB

MaxMetaspaceSize: unlimited
CompressedClassSpaceSize: 1.00 GB
Initial GC threshold: 21.00 MB
Current GC threshold: 21.00 MB
CDS: on
 - commit_granule_bytes: 65536.
 - commit_granule_words: 8192.
 - virtual_space_node_default_size: 8388608.
 - enlarge_chunks_in_place: 1.
 - use_allocation_guard: 0.


Internal statistics:

num_allocs_failed_limit: 0.
num_arena_births: 202.
num_arena_deaths: 0.
num_vsnodes_births: 2.
num_vsnodes_deaths: 0.
num_space_committed: 231.
num_space_uncommitted: 0.
num_chunks_returned_to_freelist: 0.
num_chunks_taken_from_freelist: 391.
num_chunk_merges: 0.
num_chunk_splits: 237.
num_chunks_enlarged: 124.
num_inconsistent_stats: 0.

CodeHeap 'non-profiled nmethods': size=120000Kb used=701Kb max_used=701Kb free=119298Kb
 bounds [0x000001efcc430000, 0x000001efcc6a0000, 0x000001efd3960000]
CodeHeap 'profiled nmethods': size=120000Kb used=3016Kb max_used=3016Kb free=116983Kb
 bounds [0x000001efc4960000, 0x000001efc4c60000, 0x000001efcbe90000]
CodeHeap 'non-nmethods': size=5760Kb used=1560Kb max_used=1626Kb free=4199Kb
 bounds [0x000001efcbe90000, 0x000001efcc100000, 0x000001efcc430000]
 total_blobs=2010 nmethods=1440 adapters=475
 compilation: enabled
              stopped_count=0, restarted_count=0
 full_count=0

Compilation events (20 events):
Event: 1.240 Thread 0x000001f01a0f7540 nmethod 1432 0x000001efc4c4a810 code [0x000001efc4c4a9e0, 0x000001efc4c4ad18]
Event: 1.240 Thread 0x000001f01a0f7540 1433       3       java.io.WinNTFileSystem::prefixLength (91 bytes)
Event: 1.241 Thread 0x000001f01a0f7540 nmethod 1433 0x000001efc4c4ae90 code [0x000001efc4c4b1a0, 0x000001efc4c4c590]
Event: 1.243 Thread 0x000001f01a0f7540 1434   !   3       java.lang.Class::getEnumConstantsShared (71 bytes)
Event: 1.244 Thread 0x000001f01a0f7540 nmethod 1434 0x000001efc4c4d210 code [0x000001efc4c4d560, 0x000001efc4c4ea18]
Event: 1.245 Thread 0x000001f01a0f7540 1435       3       java.io.FilterInputStream::<init> (10 bytes)
Event: 1.245 Thread 0x000001f01a0f7540 nmethod 1435 0x000001efc4c4fa10 code [0x000001efc4c4fbc0, 0x000001efc4c4fde8]
Event: 1.245 Thread 0x000001f01a0f7540 1436       3       java.util.ArrayList::toArray (57 bytes)
Event: 1.245 Thread 0x000001f01a0f7540 nmethod 1436 0x000001efc4c4ff10 code [0x000001efc4c50100, 0x000001efc4c50678]
Event: 1.247 Thread 0x000001f01a0f7540 1437       1       com.microsoft.sqlserver.jdbc.TDSChannel::isLoggingPackets (5 bytes)
Event: 1.247 Thread 0x000001f01a0f7540 nmethod 1437 0x000001efcc4cbc90 code [0x000001efcc4cbe20, 0x000001efcc4cbef0]
Event: 1.247 Thread 0x000001f01a0f7540 1438       3       java.util.logging.Logger::isLoggable (27 bytes)
Event: 1.247 Thread 0x000001f01a0f7540 nmethod 1438 0x000001efc4c50910 code [0x000001efc4c50ac0, 0x000001efc4c50c98]
Event: 1.247 Thread 0x000001f01a0f7540 1439       3       com.sun.crypto.provider.GHASH::blockMult (245 bytes)
Event: 1.248 Thread 0x000001f01a0f7540 nmethod 1439 0x000001efc4c50e10 code [0x000001efc4c50fe0, 0x000001efc4c51438]
Event: 1.249 Thread 0x000001f01a0f7540 1440       3       java.util.EnumMap::unmaskNull (13 bytes)
Event: 1.249 Thread 0x000001f01a0f7540 nmethod 1440 0x000001efc4c51890 code [0x000001efc4c51a40, 0x000001efc4c51ba8]
Event: 1.249 Thread 0x000001f01a0f7540 1441       3       java.nio.Buffer::nextPutIndex (30 bytes)
Event: 1.249 Thread 0x000001f01a0f7540 nmethod 1441 0x000001efc4c51c90 code [0x000001efc4c51e40, 0x000001efc4c52028]
Event: 1.376 Thread 0x000001f01a0c3160 nmethod 1183 0x000001efcc4cbf90 code [0x000001efcc4cc7a0, 0x000001efcc4d56c8]

GC Heap History (2 events):
Event: 0.695 GC heap before
{Heap before GC invocations=0 (full 0):
 garbage-first heap   total 131072K, used 13312K [0x0000000080000000, 0x0000000100000000)
  region size 1024K, 13 young (13312K), 0 survivors (0K)
 Metaspace       used 6531K, committed 6656K, reserved 1114112K
  class space    used 579K, committed 640K, reserved 1048576K
}
Event: 0.699 GC heap after
{Heap after GC invocations=1 (full 0):
 garbage-first heap   total 131072K, used 2244K [0x0000000080000000, 0x0000000100000000)
  region size 1024K, 2 young (2048K), 2 survivors (2048K)
 Metaspace       used 6531K, committed 6656K, reserved 1114112K
  class space    used 579K, committed 640K, reserved 1048576K
}

Dll operation events (10 events):
Event: 0.010 Loaded shared library C:\Program Files\Java\jdk-21\bin\java.dll
Event: 0.010 Loaded shared library C:\Program Files\Java\jdk-21\bin\zip.dll
Event: 0.050 Loaded shared library C:\Program Files\Java\jdk-21\bin\jsvml.dll
Event: 0.150 Loaded shared library C:\Program Files\Java\jdk-21\bin\instrument.dll
Event: 0.238 Loaded shared library C:\Program Files\Java\jdk-21\bin\jimage.dll
Event: 0.323 Loaded shared library C:\Program Files\Java\jdk-21\bin\net.dll
Event: 0.324 Loaded shared library C:\Program Files\Java\jdk-21\bin\nio.dll
Event: 0.345 Loaded shared library C:\Program Files\Java\jdk-21\bin\zip.dll
Event: 0.798 Loaded shared library C:\Program Files\Java\jdk-21\bin\extnet.dll
Event: 0.930 Loaded shared library C:\Program Files\Java\jdk-21\bin\sunmscapi.dll

Deoptimization events (20 events):
Event: 1.074 Thread 0x000001efc478ceb0 DEOPT PACKING pc=0x000001efcc4aacd4 sp=0x00000084b5dfdb70
Event: 1.074 Thread 0x000001efc478ceb0 DEOPT UNPACKING pc=0x000001efcbee46a2 sp=0x00000084b5dfdb60 mode 2
Event: 1.074 Thread 0x000001efc478ceb0 Uncommon trap: trap_request=0xffffffde fr.pc=0x000001efcc4aacd4 relative=0x0000000000000294
Event: 1.074 Thread 0x000001efc478ceb0 Uncommon trap: reason=class_check action=maybe_recompile pc=0x000001efcc4aacd4 method=sun.security.util.math.intpoly.IntegerPolynomial.multByInt([JJ)V @ 26 c2
Event: 1.074 Thread 0x000001efc478ceb0 DEOPT PACKING pc=0x000001efcc4aacd4 sp=0x00000084b5dfdb70
Event: 1.074 Thread 0x000001efc478ceb0 DEOPT UNPACKING pc=0x000001efcbee46a2 sp=0x00000084b5dfdb60 mode 2
Event: 1.074 Thread 0x000001efc478ceb0 Uncommon trap: trap_request=0xffffffde fr.pc=0x000001efcc4aacd4 relative=0x0000000000000294
Event: 1.074 Thread 0x000001efc478ceb0 Uncommon trap: reason=class_check action=maybe_recompile pc=0x000001efcc4aacd4 method=sun.security.util.math.intpoly.IntegerPolynomial.multByInt([JJ)V @ 26 c2
Event: 1.074 Thread 0x000001efc478ceb0 DEOPT PACKING pc=0x000001efcc4aacd4 sp=0x00000084b5dfdb70
Event: 1.074 Thread 0x000001efc478ceb0 DEOPT UNPACKING pc=0x000001efcbee46a2 sp=0x00000084b5dfdb60 mode 2
Event: 1.074 Thread 0x000001efc478ceb0 Uncommon trap: trap_request=0xffffffde fr.pc=0x000001efcc4aacd4 relative=0x0000000000000294
Event: 1.074 Thread 0x000001efc478ceb0 Uncommon trap: reason=class_check action=maybe_recompile pc=0x000001efcc4aacd4 method=sun.security.util.math.intpoly.IntegerPolynomial.multByInt([JJ)V @ 26 c2
Event: 1.074 Thread 0x000001efc478ceb0 DEOPT PACKING pc=0x000001efcc4aacd4 sp=0x00000084b5dfdb70
Event: 1.074 Thread 0x000001efc478ceb0 DEOPT UNPACKING pc=0x000001efcbee46a2 sp=0x00000084b5dfdb60 mode 2
Event: 1.119 Thread 0x000001efc478ceb0 Uncommon trap: trap_request=0xffffff45 fr.pc=0x000001efcc48c618 relative=0x00000000000002d8
Event: 1.119 Thread 0x000001efc478ceb0 Uncommon trap: reason=unstable_if action=reinterpret pc=0x000001efcc48c618 method=java.util.HashMap.getNode(Ljava/lang/Object;)Ljava/util/HashMap$Node; @ 85 c2
Event: 1.119 Thread 0x000001efc478ceb0 DEOPT PACKING pc=0x000001efcc48c618 sp=0x00000084b5dfe570
Event: 1.119 Thread 0x000001efc478ceb0 DEOPT UNPACKING pc=0x000001efcbee46a2 sp=0x00000084b5dfe4c0 mode 2
Event: 1.193 Thread 0x000001efc478ceb0 DEOPT PACKING pc=0x000001efc4aa4e83 sp=0x00000084b5dfda50
Event: 1.193 Thread 0x000001efc478ceb0 DEOPT UNPACKING pc=0x000001efcbee4e42 sp=0x00000084b5dfceb0 mode 0

Classes loaded (20 events):
Event: 3.044 Loading class com/intellij/rt/debugger/BatchEvaluatorServer
Event: 3.044 Loading class com/intellij/rt/debugger/BatchEvaluatorServer done
Event: 3.046 Loading class java/io/DataOutputStream
Event: 3.046 Loading class java/io/DataOutputStream done
Event: 9.221 Loading class com/microsoft/sqlserver/jdbc/DataTypes
Event: 9.221 Loading class com/microsoft/sqlserver/jdbc/DataTypes done
Event: 9.230 Loading class java/text/MessageFormat
Event: 9.230 Loading class java/text/MessageFormat done
Event: 9.231 Loading class java/util/concurrent/atomic/AtomicReferenceFieldUpdater
Event: 9.231 Loading class java/util/concurrent/atomic/AtomicReferenceFieldUpdater done
Event: 9.232 Loading class java/util/concurrent/atomic/AtomicReferenceFieldUpdater$AtomicReferenceFieldUpdaterImpl
Event: 9.232 Loading class java/util/concurrent/atomic/AtomicReferenceFieldUpdater$AtomicReferenceFieldUpdaterImpl done
Event: 9.232 Loading class java/util/concurrent/atomic/AtomicReferenceFieldUpdater$AtomicReferenceFieldUpdaterImpl$1
Event: 9.232 Loading class java/util/concurrent/atomic/AtomicReferenceFieldUpdater$AtomicReferenceFieldUpdaterImpl$1 done
Event: 9.232 Loading class sun/reflect/misc/ReflectUtil
Event: 9.232 Loading class sun/reflect/misc/ReflectUtil done
Event: 9.234 Loading class java/text/MessageFormat$Field
Event: 9.234 Loading class java/text/Format$Field
Event: 9.234 Loading class java/text/Format$Field done
Event: 9.234 Loading class java/text/MessageFormat$Field done

Classes unloaded (0 events):
No events

Classes redefined (1 events):
Event: 0.183 Thread 0x000001f01a091fb0 redefined class name=java.lang.Throwable, count=1

Internal exceptions (11 events):
Event: 0.151 Thread 0x000001efc478ceb0 Exception <a 'java/lang/NoSuchMethodError'{0x0000000087ee67d0}: 'void java.lang.invoke.DirectMethodHandle$Holder.invokeStatic(java.lang.Object, java.lang.Object, java.lang.Object)'> (0x0000000087ee67d0) 
thrown [s\open\src\hotspot\share\interpreter\linkResolver.cpp, line 773]
Event: 0.158 Thread 0x000001efc478ceb0 Exception <a 'java/lang/NoSuchMethodError'{0x0000000087efdd58}: 'java.lang.Object java.lang.invoke.Invokers$Holder.invokeExact_MT(java.lang.Object, java.lang.Object, java.lang.Object, java.lang.Object, java.lang.Object)'> (0x0000000087efdd58) 
thrown [s\open\src\hotspot\share\interpreter\linkResolver.cpp, line 773]
Event: 0.449 Thread 0x000001efc478ceb0 Exception <a 'java/lang/NoSuchMethodError'{0x00000000879f6bf8}: 'void java.lang.invoke.DirectMethodHandle$Holder.invokeVirtual(java.lang.Object, java.lang.Object)'> (0x00000000879f6bf8) 
thrown [s\open\src\hotspot\share\interpreter\linkResolver.cpp, line 773]
Event: 0.647 Thread 0x000001efc478ceb0 Exception <a 'java/lang/NoSuchMethodError'{0x0000000087311b18}: 'java.lang.Object java.lang.invoke.DirectMethodHandle$Holder.invokeInterface(java.lang.Object, java.lang.Object)'> (0x0000000087311b18) 
thrown [s\open\src\hotspot\share\interpreter\linkResolver.cpp, line 773]
Event: 0.714 Thread 0x000001efc478ceb0 Exception <a 'java/lang/NoSuchMethodError'{0x0000000087fc5108}: 'java.lang.Object java.lang.invoke.DirectMethodHandle$Holder.invokeStatic(java.lang.Object, long, java.lang.Object)'> (0x0000000087fc5108) 
thrown [s\open\src\hotspot\share\interpreter\linkResolver.cpp, line 773]
Event: 0.715 Thread 0x000001efc478ceb0 Exception <a 'java/lang/NoSuchMethodError'{0x0000000087fc84f8}: 'java.lang.Object java.lang.invoke.DirectMethodHandle$Holder.invokeStaticInit(java.lang.Object, long, java.lang.Object)'> (0x0000000087fc84f8) 
thrown [s\open\src\hotspot\share\interpreter\linkResolver.cpp, line 773]
Event: 0.716 Thread 0x000001efc478ceb0 Exception <a 'java/lang/NoSuchMethodError'{0x0000000087fcd9b8}: 'java.lang.Object java.lang.invoke.DirectMethodHandle$Holder.newInvokeSpecial(java.lang.Object, long)'> (0x0000000087fcd9b8) 
thrown [s\open\src\hotspot\share\interpreter\linkResolver.cpp, line 773]
Event: 0.799 Thread 0x000001efc478ceb0 Exception <a 'java/lang/NoSuchMethodError'{0x0000000087c4aee8}: 'void java.lang.invoke.DirectMethodHandle$Holder.invokeStatic(java.lang.Object, java.lang.Object)'> (0x0000000087c4aee8) 
thrown [s\open\src\hotspot\share\interpreter\linkResolver.cpp, line 773]
Event: 0.814 Thread 0x000001efc478ceb0 Exception <a 'java/lang/NoSuchMethodError'{0x0000000087c7d9b0}: 'java.lang.Object java.lang.invoke.DirectMethodHandle$Holder.invokeStaticInit(java.lang.Object, int, int, int, int)'> (0x0000000087c7d9b0) 
thrown [s\open\src\hotspot\share\interpreter\linkResolver.cpp, line 773]
Event: 0.826 Thread 0x000001efc478ceb0 Exception <a 'java/lang/NoSuchMethodError'{0x0000000087cac198}: 'java.lang.Object java.lang.invoke.DirectMethodHandle$Holder.invokeStaticInit(java.lang.Object, java.lang.Object, int, int, int, int)'> (0x0000000087cac198) 
thrown [s\open\src\hotspot\share\interpreter\linkResolver.cpp, line 773]
Event: 0.852 Thread 0x000001efc478ceb0 Exception <a 'sun/nio/fs/WindowsException'{0x0000000087b6ec30}> (0x0000000087b6ec30) 
thrown [s\open\src\hotspot\share\prims\jni.cpp, line 520]

ZGC Phase Switch (0 events):
No events

VM Operations (20 events):
Event: 9.221 Executing VM operation: ChangeSingleStep
Event: 9.221 Executing VM operation: ChangeSingleStep done
Event: 9.234 Executing VM operation: HandshakeAllThreads (Deoptimize)
Event: 9.234 Executing VM operation: HandshakeAllThreads (Deoptimize) done
Event: 9.235 Executing VM operation: ChangeSingleStep
Event: 9.235 Executing VM operation: ChangeSingleStep done
Event: 9.235 Executing VM operation: ChangeSingleStep
Event: 9.235 Executing VM operation: ChangeSingleStep done
Event: 9.240 Executing VM operation: get/set locals
Event: 9.240 Executing VM operation: get/set locals done
Event: 9.240 Executing VM operation: get/set locals
Event: 9.240 Executing VM operation: get/set locals done
Event: 9.240 Executing VM operation: get/set locals
Event: 9.240 Executing VM operation: get/set locals done
Event: 60.174 Executing VM operation: HandshakeAllThreads (HandshakeForDeflation)
Event: 60.174 Executing VM operation: HandshakeAllThreads (HandshakeForDeflation) done
Event: 60.174 Executing VM operation: RendezvousGCThreads
Event: 60.174 Executing VM operation: RendezvousGCThreads done
Event: 134.472 Executing VM operation: ChangeBreakpoints
Event: 134.478 Executing VM operation: ChangeBreakpoints done

Events (18 events):
Event: 0.029 Thread 0x000001efc478ceb0 Thread added: 0x000001efc478ceb0
Event: 0.048 Thread 0x000001f01a0b4420 Thread added: 0x000001f01a0b4420
Event: 0.048 Thread 0x000001f01a0b50a0 Thread added: 0x000001f01a0b50a0
Event: 0.048 Thread 0x000001f01a0b8ef0 Thread added: 0x000001f01a0b8ef0
Event: 0.048 Thread 0x000001f01a0b9950 Thread added: 0x000001f01a0b9950
Event: 0.048 Thread 0x000001f01a0baf90 Thread added: 0x000001f01a0baf90
Event: 0.048 Thread 0x000001f01a0bda00 Thread added: 0x000001f01a0bda00
Event: 0.048 Thread 0x000001f01a0c3160 Thread added: 0x000001f01a0c3160
Event: 0.048 Thread 0x000001f01a0f7540 Thread added: 0x000001f01a0f7540
Event: 0.097 Thread 0x000001f01a330590 Thread added: 0x000001f01a330590
Event: 0.098 Thread 0x000001f01a3377d0 Thread added: 0x000001f01a3377d0
Event: 0.099 Thread 0x000001f01a337e50 Thread added: 0x000001f01a337e50
Event: 0.160 Thread 0x000001f01a3581c0 Thread added: 0x000001f01a3581c0
Event: 0.189 Thread 0x000001f01a3a3f50 Thread added: 0x000001f01a3a3f50
Event: 0.203 Thread 0x000001f01a39c8f0 Thread added: 0x000001f01a39c8f0
Event: 0.606 Thread 0x000001f01a5f1320 Thread added: 0x000001f01a5f1320
Event: 6.251 Thread 0x000001f01a5f1320 Thread exited: 0x000001f01a5f1320
Event: 134.470 Thread 0x000001f01a337e50 Thread exited: 0x000001f01a337e50


Dynamic libraries:
0x00007ff61e170000 - 0x00007ff61e180000 	C:\Program Files\Java\jdk-21\bin\java.exe
0x00007ffaa7910000 - 0x00007ffaa7b08000 	C:\WINDOWS\SYSTEM32\ntdll.dll
0x00007ffaa7550000 - 0x00007ffaa7612000 	C:\WINDOWS\System32\KERNEL32.DLL
0x00007ffaa5630000 - 0x00007ffaa5926000 	C:\WINDOWS\System32\KERNELBASE.dll
0x00007ffaa53d0000 - 0x00007ffaa54d0000 	C:\WINDOWS\System32\ucrtbase.dll
0x00007ffa98ee0000 - 0x00007ffa98ef9000 	C:\Program Files\Java\jdk-21\bin\jli.dll
0x00007ffaa7480000 - 0x00007ffaa7531000 	C:\WINDOWS\System32\ADVAPI32.dll
0x00007ffa98ec0000 - 0x00007ffa98edb000 	C:\Program Files\Java\jdk-21\bin\VCRUNTIME140.dll
0x00007ffaa6bd0000 - 0x00007ffaa6c6e000 	C:\WINDOWS\System32\msvcrt.dll
0x00007ffaa6f10000 - 0x00007ffaa6faf000 	C:\WINDOWS\System32\sechost.dll
0x00007ffaa7620000 - 0x00007ffaa7740000 	C:\WINDOWS\System32\RPCRT4.dll
0x00007ffaa50f0000 - 0x00007ffaa5117000 	C:\WINDOWS\System32\bcrypt.dll
0x00007ffaa59a0000 - 0x00007ffaa5b41000 	C:\WINDOWS\System32\USER32.dll
0x00007ffaa4fa0000 - 0x00007ffaa4fc2000 	C:\WINDOWS\System32\win32u.dll
0x00007ffaa6420000 - 0x00007ffaa644b000 	C:\WINDOWS\System32\GDI32.dll
0x00007ffaa5120000 - 0x00007ffaa5239000 	C:\WINDOWS\System32\gdi32full.dll
0x00007ffaa4fd0000 - 0x00007ffaa506d000 	C:\WINDOWS\System32\msvcp_win.dll
0x00007ffa99e10000 - 0x00007ffa9a0ab000 	C:\WINDOWS\WinSxS\amd64_microsoft.windows.common-controls_6595b64144ccf1df_6.0.19041.6456_none_60b8a6cb71f64256\COMCTL32.dll
0x00007ffa9fe60000 - 0x00007ffa9fe6a000 	C:\WINDOWS\SYSTEM32\VERSION.dll
0x00007ffaa63f0000 - 0x00007ffaa641f000 	C:\WINDOWS\System32\IMM32.DLL
0x00007ffaa2380000 - 0x00007ffaa238c000 	C:\Program Files\Java\jdk-21\bin\vcruntime140_1.dll
0x00007ffa8c530000 - 0x00007ffa8c5be000 	C:\Program Files\Java\jdk-21\bin\msvcp140.dll
0x00007ffa431a0000 - 0x00007ffa43ebd000 	C:\Program Files\Java\jdk-21\bin\server\jvm.dll
0x00007ffaa5930000 - 0x00007ffaa599b000 	C:\WINDOWS\System32\WS2_32.dll
0x00007ffa9a550000 - 0x00007ffa9a577000 	C:\WINDOWS\SYSTEM32\WINMM.dll
0x00007ffaa4e00000 - 0x00007ffaa4e4b000 	C:\WINDOWS\SYSTEM32\POWRPROF.dll
0x00007ffaa4de0000 - 0x00007ffaa4df2000 	C:\WINDOWS\SYSTEM32\UMPDC.dll
0x00007ffaa2e30000 - 0x00007ffaa2e42000 	C:\WINDOWS\SYSTEM32\kernel.appcore.dll
0x00007ffa9fc80000 - 0x00007ffa9fc8a000 	C:\Program Files\Java\jdk-21\bin\jimage.dll
0x00007ffa9a580000 - 0x00007ffa9a781000 	C:\WINDOWS\SYSTEM32\DBGHELP.DLL
0x00007ffa994d0000 - 0x00007ffa99504000 	C:\WINDOWS\SYSTEM32\dbgcore.DLL
0x00007ffaa5240000 - 0x00007ffaa52c2000 	C:\WINDOWS\System32\bcryptPrimitives.dll
0x00007ffa98e10000 - 0x00007ffa98e4c000 	C:\Program Files\Java\jdk-21\bin\jdwp.dll
0x00007ffa98e70000 - 0x00007ffa98e7f000 	C:\Program Files\Java\jdk-21\bin\instrument.dll
0x00007ffa98df0000 - 0x00007ffa98e0f000 	C:\Program Files\Java\jdk-21\bin\java.dll
0x00007ffa43fb0000 - 0x00007ffa441e9000 	C:\Users\usuario\AppData\Local\Temp\idea_libasyncProfiler_dll_temp_folder\libasyncProfiler.dll
0x00007ffa98dd0000 - 0x00007ffa98de8000 	C:\Program Files\Java\jdk-21\bin\zip.dll
0x00007ffaa5c80000 - 0x00007ffaa63f0000 	C:\WINDOWS\System32\SHELL32.dll
0x00007ffaa3030000 - 0x00007ffaa37d5000 	C:\WINDOWS\SYSTEM32\windows.storage.dll
0x00007ffaa6790000 - 0x00007ffaa6ae4000 	C:\WINDOWS\System32\combase.dll
0x00007ffaa48f0000 - 0x00007ffaa491b000 	C:\WINDOWS\SYSTEM32\Wldp.dll
0x00007ffaa6450000 - 0x00007ffaa651d000 	C:\WINDOWS\System32\OLEAUT32.dll
0x00007ffaa66e0000 - 0x00007ffaa678d000 	C:\WINDOWS\System32\SHCORE.dll
0x00007ffaa6d20000 - 0x00007ffaa6d7b000 	C:\WINDOWS\System32\shlwapi.dll
0x00007ffaa4ed0000 - 0x00007ffaa4ef4000 	C:\WINDOWS\SYSTEM32\profapi.dll
0x00007ffa8c450000 - 0x00007ffa8c527000 	C:\Program Files\Java\jdk-21\bin\jsvml.dll
0x00007ffa98610000 - 0x00007ffa9861c000 	C:\Program Files\Java\jdk-21\bin\dt_socket.dll
0x00007ffaa4330000 - 0x00007ffaa436b000 	C:\WINDOWS\SYSTEM32\IPHLPAPI.DLL
0x00007ffaa4650000 - 0x00007ffaa46ba000 	C:\WINDOWS\system32\mswsock.dll
0x00007ffa966e0000 - 0x00007ffa966f0000 	C:\Program Files\Java\jdk-21\bin\net.dll
0x00007ffa9ccc0000 - 0x00007ffa9cdca000 	C:\WINDOWS\SYSTEM32\WINHTTP.dll
0x00007ffa8c430000 - 0x00007ffa8c446000 	C:\Program Files\Java\jdk-21\bin\nio.dll
0x00007ffa96660000 - 0x00007ffa96677000 	C:\WINDOWS\system32\napinsp.dll
0x00007ffa965e0000 - 0x00007ffa965fb000 	C:\WINDOWS\system32\pnrpnsp.dll
0x00007ffa965c0000 - 0x00007ffa965dd000 	C:\WINDOWS\system32\wshbth.dll
0x00007ffaa2330000 - 0x00007ffaa234d000 	C:\WINDOWS\system32\NLAapi.dll
0x00007ffaa4370000 - 0x00007ffaa443a000 	C:\WINDOWS\SYSTEM32\DNSAPI.dll
0x00007ffaa7540000 - 0x00007ffaa7548000 	C:\WINDOWS\System32\NSI.dll
0x00007ffa978e0000 - 0x00007ffa978f2000 	C:\WINDOWS\System32\winrnr.dll
0x00007ffa9bdd0000 - 0x00007ffa9bdda000 	C:\Windows\System32\rasadhlp.dll
0x00007ffa9cc40000 - 0x00007ffa9ccc0000 	C:\WINDOWS\System32\fwpuclnt.dll
0x00007ffa8c420000 - 0x00007ffa8c429000 	C:\Program Files\Java\jdk-21\bin\extnet.dll
0x00007ffaa4840000 - 0x00007ffaa4858000 	C:\WINDOWS\SYSTEM32\CRYPTSP.dll
0x00007ffaa3f70000 - 0x00007ffaa3fa8000 	C:\WINDOWS\system32\rsaenh.dll
0x00007ffaa4e50000 - 0x00007ffaa4e7e000 	C:\WINDOWS\SYSTEM32\USERENV.dll
0x00007ffaa4860000 - 0x00007ffaa486c000 	C:\WINDOWS\SYSTEM32\CRYPTBASE.dll
0x00007ffa8c410000 - 0x00007ffa8c41e000 	C:\Program Files\Java\jdk-21\bin\sunmscapi.dll
0x00007ffaa54d0000 - 0x00007ffaa562d000 	C:\WINDOWS\System32\CRYPT32.dll
0x00007ffaa4960000 - 0x00007ffaa4987000 	C:\WINDOWS\SYSTEM32\ncrypt.dll
0x00007ffaa4920000 - 0x00007ffaa495b000 	C:\WINDOWS\SYSTEM32\NTASN1.dll

dbghelp: loaded successfully - version: 4.0.5 - missing functions: none
symbol engine: initialized successfully - sym options: 0x614 - pdb path: .;C:\Program Files\Java\jdk-21\bin;C:\WINDOWS\SYSTEM32;C:\WINDOWS\WinSxS\amd64_microsoft.windows.common-controls_6595b64144ccf1df_6.0.19041.6456_none_60b8a6cb71f64256;C:\Program Files\Java\jdk-21\bin\server;C:\Users\usuario\AppData\Local\Temp\idea_libasyncProfiler_dll_temp_folder

VM Arguments:
jvm_args: -agentlib:jdwp=transport=dt_socket,address=127.0.0.1:51521,suspend=y,server=n -javaagent:C:\Users\usuario\AppData\Local\JetBrains\IntelliJIdea2025.3\captureAgent\debugger-agent.jar=file:///C:/Users/usuario/AppData/Local/Temp/capture2070693538912916381.props -agentpath:C:\Users\usuario\AppData\Local\Temp\idea_libasyncProfiler_dll_temp_folder\libasyncProfiler.dll=version,jfr,event=wall,interval=10ms,cstack=no,file=C:\Users\usuario\IdeaSnapshots\Main_2026_01_22_103002.jfr,dbghelppath=C:\Users\usuario\AppData\Local\Temp\idea_dbghelp_dll_temp_folder\dbghelp.dll,log=C:\Users\usuario\AppData\Local\Temp\Main_2026_01_22_103002.jfr.log.txt,logLevel=DEBUG -Dkotlinx.coroutines.debug.enable.creation.stack.trace=false -Ddebugger.agent.enable.coroutines=true -Dkotlinx.coroutines.debug.enable.flows.stack.trace=true -Dkotlinx.coroutines.debug.enable.mutable.state.flows.stack.trace=true -Ddebugger.async.stack.trace.for.all.threads=true -Dfile.encoding=UTF-8 -Dsun.stdout.encoding=UTF-8 -Dsun.stderr.encoding=UTF-8 
java_command: Main
java_class_path (initial): C:\Users\usuario\Desktop\Mis tareas\BDEN26-SaulFernandezSalgado\out\production\BDEN26-SaulFernandezSalgado;C:\Users\usuario\Desktop\drivers\mssql-jdbc-11.2.0.jre18.jar;C:\Program Files\JetBrains\IntelliJ IDEA 2025.3.1.1\lib\idea_rt.jar
Launcher Type: SUN_STANDARD

[Global flags]
     intx CICompilerCount                          = 3                                         {product} {ergonomic}
     uint ConcGCThreads                            = 1                                         {product} {ergonomic}
     uint G1ConcRefinementThreads                  = 4                                         {product} {ergonomic}
   size_t G1HeapRegionSize                         = 1048576                                   {product} {ergonomic}
    uintx GCDrainStackTargetSize                   = 64                                        {product} {ergonomic}
   size_t InitialHeapSize                          = 134217728                                 {product} {ergonomic}
   size_t MarkStackSize                            = 4194304                                   {product} {ergonomic}
   size_t MaxHeapSize                              = 2147483648                                {product} {ergonomic}
   size_t MaxNewSize                               = 1287651328                                {product} {ergonomic}
   size_t MinHeapDeltaBytes                        = 1048576                                   {product} {ergonomic}
   size_t MinHeapSize                              = 8388608                                   {product} {ergonomic}
    uintx NonNMethodCodeHeapSize                   = 5832780                                {pd product} {ergonomic}
    uintx NonProfiledCodeHeapSize                  = 122912730                              {pd product} {ergonomic}
    uintx ProfiledCodeHeapSize                     = 122912730                              {pd product} {ergonomic}
    uintx ReservedCodeCacheSize                    = 251658240                              {pd product} {ergonomic}
     bool SegmentedCodeCache                       = true                                      {product} {ergonomic}
   size_t SoftMaxHeapSize                          = 2147483648                             {manageable} {ergonomic}
     bool UseCompressedOops                        = true                           {product lp64_product} {ergonomic}
     bool UseG1GC                                  = true                                      {product} {ergonomic}
     bool UseLargePagesIndividualAllocation        = false                                  {pd product} {ergonomic}

Logging:
Log output configuration:
 #0: stdout all=warning uptime,level,tags foldmultilines=false
 #1: stderr all=off uptime,level,tags foldmultilines=false

Environment Variables:
PATH=C:\Program Files\Common Files\Oracle\Java\javapath;C:\WINDOWS\system32;C:\WINDOWS;C:\WINDOWS\System32\Wbem;C:\WINDOWS\System32\WindowsPowerShell\v1.0\;C:\Program Files\Microsoft SQL Server\Client SDK\ODBC\170\Tools\Binn\;C:\Program Files (x86)\Microsoft SQL Server\150\Tools\Binn\;C:\Program Files\Microsoft SQL Server\150\Tools\Binn\;C:\Program Files\Microsoft SQL Server\150\DTS\Binn\;C:\WINDOWS\System32\OpenSSH\;C:\Program Files (x86)\Microsoft SQL Server\150\DTS\Binn\;C:\Program Files\Azure Data Studio\bin;C:\sqlite3;C:\Program Files\MySQL\MySQL Shell 8.0\bin\;C:\Users\usuario\AppData\Local\Microsoft\WindowsApps;;C:\Program Files\Azure Data Studio\bin
USERNAME=usuario
OS=Windows_NT
PROCESSOR_IDENTIFIER=Intel64 Family 6 Model 165 Stepping 3, GenuineIntel
TMP=C:\Users\usuario\AppData\Local\Temp
TEMP=C:\Users\usuario\AppData\Local\Temp




Periodic native trim disabled

---------------  S Y S T E M  ---------------

OS:
 Windows 10 , 64 bit Build 19041 (10.0.19041.5915)
OS uptime: 0 days 2:13 hours

CPU: total 4 (initial active 4) (4 cores per cpu, 1 threads per core) family 6 model 165 stepping 3 microcode 0x100, cx8, cmov, fxsr, mmx, 3dnowpref, sse, sse2, sse3, ssse3, sse4.1, sse4.2, popcnt, lzcnt, tsc, tscinvbit, avx, avx2, aes, clmul, bmi1, bmi2, adx, fma, vzeroupper, clflush, clflushopt, hv, rdtscp, f16c
Processor Information for all 4 processors :
  Max Mhz: 3096, Current Mhz: 3096, Mhz Limit: 3096

Memory: 4k page, system-wide physical 8191M (1741M free)
TotalPageFile size 9471M (AvailPageFile size 1353M)
current process WorkingSet (physical memory assigned to process): 90M, peak: 114M
current process commit charge ("private bytes"): 242M, peak: 267M

vm_info: Java HotSpot(TM) 64-Bit Server VM (21.0.9+7-LTS-338) for windows-amd64 JRE (21.0.9+7-LTS-338), built on 2025-09-26T06:33:49Z by "mach5run" with MS VC++ 17.6 (VS2022)

END.
